// Jest Snapshot v1, https://goo.gl/fbAQLP

exports[`server test custom matchers 1`] = `
[MockFunction] {
  "calls": Array [
    Array [
      "arg1",
      "arg2",
    ],
  ],
  "results": Array [
    Object {
      "type": "return",
      "value": undefined,
    },
  ],
}
`;
